[2022-08-31T22:28:46.588+0800][gc] Using G1
[2022-08-31T22:28:46.592+0800][gc,init] Version: 17.0.3+0 (release)
[2022-08-31T22:28:46.592+0800][gc,init] CPUs: 12 total, 12 available
[2022-08-31T22:28:46.592+0800][gc,init] Memory: 16384M
[2022-08-31T22:28:46.592+0800][gc,init] Large Page Support: Disabled
[2022-08-31T22:28:46.592+0800][gc,init] NUMA Support: Disabled
[2022-08-31T22:28:46.592+0800][gc,init] Compressed Oops: Enabled (Zero based)
[2022-08-31T22:28:46.592+0800][gc,init] Heap Region Size: 1M
[2022-08-31T22:28:46.592+0800][gc,init] Heap Min Capacity: 512M
[2022-08-31T22:28:46.592+0800][gc,init] Heap Initial Capacity: 512M
[2022-08-31T22:28:46.592+0800][gc,init] Heap Max Capacity: 512M
[2022-08-31T22:28:46.592+0800][gc,init] Pre-touch: Disabled
[2022-08-31T22:28:46.592+0800][gc,init] Parallel Workers: 10
[2022-08-31T22:28:46.592+0800][gc,init] Concurrent Workers: 3
[2022-08-31T22:28:46.592+0800][gc,init] Concurrent Refinement Workers: 10
[2022-08-31T22:28:46.592+0800][gc,init] Periodic GC: Disabled
[2022-08-31T22:28:46.592+0800][gc,metaspace] CDS archive(s) mapped at: [0x0000000800000000-0x0000000800bd2000-0x0000000800bd2000), size 12394496, SharedBaseAddress: 0x0000000800000000, ArchiveRelocationMode: 0.
[2022-08-31T22:28:46.592+0800][gc,metaspace] Compressed class space mapped at: 0x0000000800c00000-0x0000000840c00000, reserved size: 1073741824
[2022-08-31T22:28:46.592+0800][gc,metaspace] Narrow klass base: 0x0000000800000000, Narrow klass shift: 0, Narrow klass range: 0x100000000
[2022-08-31T22:28:52.370+0800][gc,start    ] GC(0) Pause Young (Normal) (G1 Evacuation Pause)
[2022-08-31T22:28:52.371+0800][gc,task     ] GC(0) Using 10 workers of 10 for evacuation
[2022-08-31T22:28:52.375+0800][gc,phases   ] GC(0)   Pre Evacuate Collection Set: 0.1ms
[2022-08-31T22:28:52.375+0800][gc,phases   ] GC(0)   Merge Heap Roots: 0.1ms
[2022-08-31T22:28:52.375+0800][gc,phases   ] GC(0)   Evacuate Collection Set: 3.6ms
[2022-08-31T22:28:52.375+0800][gc,phases   ] GC(0)   Post Evacuate Collection Set: 0.7ms
[2022-08-31T22:28:52.375+0800][gc,phases   ] GC(0)   Other: 0.6ms
[2022-08-31T22:28:52.375+0800][gc,heap     ] GC(0) Eden regions: 256->0(249)
[2022-08-31T22:28:52.375+0800][gc,heap     ] GC(0) Survivor regions: 0->7(32)
[2022-08-31T22:28:52.375+0800][gc,heap     ] GC(0) Old regions: 0->0
[2022-08-31T22:28:52.375+0800][gc,heap     ] GC(0) Archive regions: 2->2
[2022-08-31T22:28:52.375+0800][gc,heap     ] GC(0) Humongous regions: 0->0
[2022-08-31T22:28:52.375+0800][gc,metaspace] GC(0) Metaspace: 16898K(17152K)->16898K(17152K) NonClass: 14843K(14976K)->14843K(14976K) Class: 2054K(2176K)->2054K(2176K)
[2022-08-31T22:28:52.375+0800][gc          ] GC(0) Pause Young (Normal) (G1 Evacuation Pause) 256M->7M(512M) 5.345ms
[2022-08-31T22:28:52.375+0800][gc,cpu      ] GC(0) User=0.02s Sys=0.00s Real=0.00s
[2022-08-31T22:28:52.905+0800][gc,start    ] GC(1) Pause Young (Concurrent Start) (Metadata GC Threshold)
[2022-08-31T22:28:52.905+0800][gc,task     ] GC(1) Using 10 workers of 10 for evacuation
[2022-08-31T22:28:52.910+0800][gc,phases   ] GC(1)   Pre Evacuate Collection Set: 0.1ms
[2022-08-31T22:28:52.910+0800][gc,phases   ] GC(1)   Merge Heap Roots: 0.0ms
[2022-08-31T22:28:52.910+0800][gc,phases   ] GC(1)   Evacuate Collection Set: 4.0ms
[2022-08-31T22:28:52.910+0800][gc,phases   ] GC(1)   Post Evacuate Collection Set: 0.5ms
[2022-08-31T22:28:52.910+0800][gc,phases   ] GC(1)   Other: 0.3ms
[2022-08-31T22:28:52.910+0800][gc,heap     ] GC(1) Eden regions: 161->0(247)
[2022-08-31T22:28:52.910+0800][gc,heap     ] GC(1) Survivor regions: 7->9(32)
[2022-08-31T22:28:52.910+0800][gc,heap     ] GC(1) Old regions: 0->0
[2022-08-31T22:28:52.910+0800][gc,heap     ] GC(1) Archive regions: 2->2
[2022-08-31T22:28:52.910+0800][gc,heap     ] GC(1) Humongous regions: 0->0
[2022-08-31T22:28:52.910+0800][gc,metaspace] GC(1) Metaspace: 21240K(21504K)->21240K(21504K) NonClass: 18612K(18752K)->18612K(18752K) Class: 2628K(2752K)->2628K(2752K)
[2022-08-31T22:28:52.910+0800][gc          ] GC(1) Pause Young (Concurrent Start) (Metadata GC Threshold) 168M->9M(512M) 5.080ms
[2022-08-31T22:28:52.910+0800][gc,cpu      ] GC(1) User=0.03s Sys=0.00s Real=0.01s
[2022-08-31T22:28:52.910+0800][gc          ] GC(2) Concurrent Mark Cycle
[2022-08-31T22:28:52.910+0800][gc,marking  ] GC(2) Concurrent Clear Claimed Marks
[2022-08-31T22:28:52.910+0800][gc,marking  ] GC(2) Concurrent Clear Claimed Marks 0.021ms
[2022-08-31T22:28:52.910+0800][gc,marking  ] GC(2) Concurrent Scan Root Regions
[2022-08-31T22:28:52.913+0800][gc,marking  ] GC(2) Concurrent Scan Root Regions 2.733ms
[2022-08-31T22:28:52.913+0800][gc,marking  ] GC(2) Concurrent Mark
[2022-08-31T22:28:52.913+0800][gc,marking  ] GC(2) Concurrent Mark From Roots
[2022-08-31T22:28:52.913+0800][gc,task     ] GC(2) Using 3 workers of 3 for marking
[2022-08-31T22:28:52.914+0800][gc,marking  ] GC(2) Concurrent Mark From Roots 1.643ms
[2022-08-31T22:28:52.914+0800][gc,marking  ] GC(2) Concurrent Preclean
[2022-08-31T22:28:52.914+0800][gc,marking  ] GC(2) Concurrent Preclean 0.034ms
[2022-08-31T22:28:52.915+0800][gc,start    ] GC(2) Pause Remark
[2022-08-31T22:28:52.916+0800][gc          ] GC(2) Pause Remark 10M->10M(512M) 1.282ms
[2022-08-31T22:28:52.916+0800][gc,cpu      ] GC(2) User=0.00s Sys=0.00s Real=0.00s
[2022-08-31T22:28:52.916+0800][gc,marking  ] GC(2) Concurrent Mark 3.238ms
[2022-08-31T22:28:52.916+0800][gc,marking  ] GC(2) Concurrent Rebuild Remembered Sets
[2022-08-31T22:28:52.916+0800][gc,marking  ] GC(2) Concurrent Rebuild Remembered Sets 0.010ms
[2022-08-31T22:28:52.916+0800][gc,start    ] GC(2) Pause Cleanup
[2022-08-31T22:28:52.916+0800][gc          ] GC(2) Pause Cleanup 10M->10M(512M) 0.018ms
[2022-08-31T22:28:52.916+0800][gc,cpu      ] GC(2) User=0.00s Sys=0.00s Real=0.00s
[2022-08-31T22:28:52.916+0800][gc,marking  ] GC(2) Concurrent Cleanup for Next Mark
[2022-08-31T22:28:52.919+0800][gc,marking  ] GC(2) Concurrent Cleanup for Next Mark 2.566ms
[2022-08-31T22:28:52.919+0800][gc          ] GC(2) Concurrent Mark Cycle 8.942ms
[2022-08-31T22:28:53.412+0800][gc,start    ] GC(3) Pause Young (Normal) (G1 Evacuation Pause)
[2022-08-31T22:28:53.412+0800][gc,task     ] GC(3) Using 10 workers of 10 for evacuation
[2022-08-31T22:28:53.417+0800][gc,phases   ] GC(3)   Pre Evacuate Collection Set: 0.1ms
[2022-08-31T22:28:53.418+0800][gc,phases   ] GC(3)   Merge Heap Roots: 0.1ms
[2022-08-31T22:28:53.418+0800][gc,phases   ] GC(3)   Evacuate Collection Set: 4.1ms
[2022-08-31T22:28:53.418+0800][gc,phases   ] GC(3)   Post Evacuate Collection Set: 0.7ms
[2022-08-31T22:28:53.418+0800][gc,phases   ] GC(3)   Other: 0.1ms
[2022-08-31T22:28:53.418+0800][gc,heap     ] GC(3) Eden regions: 247->0(243)
[2022-08-31T22:28:53.418+0800][gc,heap     ] GC(3) Survivor regions: 9->13(32)
[2022-08-31T22:28:53.418+0800][gc,heap     ] GC(3) Old regions: 0->0
[2022-08-31T22:28:53.418+0800][gc,heap     ] GC(3) Archive regions: 2->2
[2022-08-31T22:28:53.418+0800][gc,heap     ] GC(3) Humongous regions: 0->0
[2022-08-31T22:28:53.418+0800][gc,metaspace] GC(3) Metaspace: 23433K(23744K)->23433K(23744K) NonClass: 20570K(20736K)->20570K(20736K) Class: 2862K(3008K)->2862K(3008K)
[2022-08-31T22:28:53.418+0800][gc          ] GC(3) Pause Young (Normal) (G1 Evacuation Pause) 256M->13M(512M) 5.174ms
[2022-08-31T22:28:53.418+0800][gc,cpu      ] GC(3) User=0.03s Sys=0.00s Real=0.00s
[2022-08-31T22:28:54.222+0800][gc,start    ] GC(4) Pause Young (Normal) (G1 Evacuation Pause)
[2022-08-31T22:28:54.222+0800][gc,task     ] GC(4) Using 10 workers of 10 for evacuation
[2022-08-31T22:28:54.230+0800][gc,phases   ] GC(4)   Pre Evacuate Collection Set: 0.1ms
[2022-08-31T22:28:54.230+0800][gc,phases   ] GC(4)   Merge Heap Roots: 0.1ms
[2022-08-31T22:28:54.230+0800][gc,phases   ] GC(4)   Evacuate Collection Set: 6.8ms
[2022-08-31T22:28:54.230+0800][gc,phases   ] GC(4)   Post Evacuate Collection Set: 0.8ms
[2022-08-31T22:28:54.230+0800][gc,phases   ] GC(4)   Other: 0.2ms
[2022-08-31T22:28:54.230+0800][gc,heap     ] GC(4) Eden regions: 243->0(239)
[2022-08-31T22:28:54.230+0800][gc,heap     ] GC(4) Survivor regions: 13->17(32)
[2022-08-31T22:28:54.230+0800][gc,heap     ] GC(4) Old regions: 0->0
[2022-08-31T22:28:54.230+0800][gc,heap     ] GC(4) Archive regions: 2->2
[2022-08-31T22:28:54.230+0800][gc,heap     ] GC(4) Humongous regions: 0->0
[2022-08-31T22:28:54.230+0800][gc,metaspace] GC(4) Metaspace: 28545K(28864K)->28545K(28864K) NonClass: 24994K(25152K)->24994K(25152K) Class: 3551K(3712K)->3551K(3712K)
[2022-08-31T22:28:54.230+0800][gc          ] GC(4) Pause Young (Normal) (G1 Evacuation Pause) 256M->17M(512M) 8.128ms
[2022-08-31T22:28:54.230+0800][gc,cpu      ] GC(4) User=0.08s Sys=0.00s Real=0.01s
[2022-08-31T22:28:55.022+0800][gc,start    ] GC(5) Pause Young (Concurrent Start) (Metadata GC Threshold)
[2022-08-31T22:28:55.022+0800][gc,task     ] GC(5) Using 10 workers of 10 for evacuation
[2022-08-31T22:28:55.031+0800][gc,phases   ] GC(5)   Pre Evacuate Collection Set: 0.1ms
[2022-08-31T22:28:55.031+0800][gc,phases   ] GC(5)   Merge Heap Roots: 0.1ms
[2022-08-31T22:28:55.031+0800][gc,phases   ] GC(5)   Evacuate Collection Set: 7.9ms
[2022-08-31T22:28:55.031+0800][gc,phases   ] GC(5)   Post Evacuate Collection Set: 1.0ms
[2022-08-31T22:28:55.031+0800][gc,phases   ] GC(5)   Other: 0.2ms
[2022-08-31T22:28:55.031+0800][gc,heap     ] GC(5) Eden regions: 152->0(240)
[2022-08-31T22:28:55.031+0800][gc,heap     ] GC(5) Survivor regions: 17->16(32)
[2022-08-31T22:28:55.031+0800][gc,heap     ] GC(5) Old regions: 0->6
[2022-08-31T22:28:55.031+0800][gc,heap     ] GC(5) Archive regions: 2->2
[2022-08-31T22:28:55.031+0800][gc,heap     ] GC(5) Humongous regions: 0->0
[2022-08-31T22:28:55.031+0800][gc,metaspace] GC(5) Metaspace: 35608K(35968K)->35608K(35968K) NonClass: 31231K(31424K)->31231K(31424K) Class: 4376K(4544K)->4376K(4544K)
[2022-08-31T22:28:55.031+0800][gc          ] GC(5) Pause Young (Concurrent Start) (Metadata GC Threshold) 169M->21M(512M) 9.445ms
[2022-08-31T22:28:55.031+0800][gc,cpu      ] GC(5) User=0.09s Sys=0.01s Real=0.01s
[2022-08-31T22:28:55.031+0800][gc          ] GC(6) Concurrent Mark Cycle
[2022-08-31T22:28:55.031+0800][gc,marking  ] GC(6) Concurrent Clear Claimed Marks
[2022-08-31T22:28:55.031+0800][gc,marking  ] GC(6) Concurrent Clear Claimed Marks 0.030ms
[2022-08-31T22:28:55.031+0800][gc,marking  ] GC(6) Concurrent Scan Root Regions
[2022-08-31T22:28:55.036+0800][gc,marking  ] GC(6) Concurrent Scan Root Regions 4.243ms
[2022-08-31T22:28:55.036+0800][gc,marking  ] GC(6) Concurrent Mark
[2022-08-31T22:28:55.036+0800][gc,marking  ] GC(6) Concurrent Mark From Roots
[2022-08-31T22:28:55.036+0800][gc,task     ] GC(6) Using 3 workers of 3 for marking
[2022-08-31T22:28:55.037+0800][gc,marking  ] GC(6) Concurrent Mark From Roots 1.114ms
[2022-08-31T22:28:55.037+0800][gc,marking  ] GC(6) Concurrent Preclean
[2022-08-31T22:28:55.037+0800][gc,marking  ] GC(6) Concurrent Preclean 0.028ms
[2022-08-31T22:28:55.037+0800][gc,start    ] GC(6) Pause Remark
[2022-08-31T22:28:55.039+0800][gc          ] GC(6) Pause Remark 24M->24M(512M) 1.555ms
[2022-08-31T22:28:55.039+0800][gc,cpu      ] GC(6) User=0.01s Sys=0.00s Real=0.00s
[2022-08-31T22:28:55.039+0800][gc,marking  ] GC(6) Concurrent Mark 2.977ms
[2022-08-31T22:28:55.039+0800][gc,marking  ] GC(6) Concurrent Rebuild Remembered Sets
[2022-08-31T22:28:55.041+0800][gc,marking  ] GC(6) Concurrent Rebuild Remembered Sets 2.088ms
[2022-08-31T22:28:55.041+0800][gc,start    ] GC(6) Pause Cleanup
[2022-08-31T22:28:55.041+0800][gc          ] GC(6) Pause Cleanup 24M->24M(512M) 0.094ms
[2022-08-31T22:28:55.041+0800][gc,cpu      ] GC(6) User=0.00s Sys=0.00s Real=0.00s
[2022-08-31T22:28:55.041+0800][gc,marking  ] GC(6) Concurrent Cleanup for Next Mark
[2022-08-31T22:28:55.044+0800][gc,marking  ] GC(6) Concurrent Cleanup for Next Mark 2.463ms
[2022-08-31T22:28:55.044+0800][gc          ] GC(6) Concurrent Mark Cycle 12.360ms
[2022-08-31T22:28:56.604+0800][gc,start    ] GC(7) Pause Young (Normal) (G1 Evacuation Pause)
[2022-08-31T22:28:56.604+0800][gc,task     ] GC(7) Using 10 workers of 10 for evacuation
[2022-08-31T22:28:56.615+0800][gc,phases   ] GC(7)   Pre Evacuate Collection Set: 0.1ms
[2022-08-31T22:28:56.616+0800][gc,phases   ] GC(7)   Merge Heap Roots: 0.1ms
[2022-08-31T22:28:56.616+0800][gc,phases   ] GC(7)   Evacuate Collection Set: 10.2ms
[2022-08-31T22:28:56.616+0800][gc,phases   ] GC(7)   Post Evacuate Collection Set: 1.1ms
[2022-08-31T22:28:56.616+0800][gc,phases   ] GC(7)   Other: 0.2ms
[2022-08-31T22:28:56.616+0800][gc,heap     ] GC(7) Eden regions: 240->0(229)
[2022-08-31T22:28:56.616+0800][gc,heap     ] GC(7) Survivor regions: 16->27(32)
[2022-08-31T22:28:56.616+0800][gc,heap     ] GC(7) Old regions: 6->6
[2022-08-31T22:28:56.616+0800][gc,heap     ] GC(7) Archive regions: 2->2
[2022-08-31T22:28:56.616+0800][gc,heap     ] GC(7) Humongous regions: 5->5
[2022-08-31T22:28:56.616+0800][gc,metaspace] GC(7) Metaspace: 50402K(50880K)->50402K(50880K) NonClass: 44246K(44480K)->44246K(44480K) Class: 6155K(6400K)->6155K(6400K)
[2022-08-31T22:28:56.616+0800][gc          ] GC(7) Pause Young (Normal) (G1 Evacuation Pause) 266M->37M(512M) 11.890ms
[2022-08-31T22:28:56.616+0800][gc,cpu      ] GC(7) User=0.11s Sys=0.01s Real=0.01s
[2022-08-31T22:28:57.723+0800][gc,start    ] GC(8) Pause Young (Normal) (G1 Evacuation Pause)
[2022-08-31T22:28:57.723+0800][gc,task     ] GC(8) Using 10 workers of 10 for evacuation
[2022-08-31T22:28:57.736+0800][gc,phases   ] GC(8)   Pre Evacuate Collection Set: 0.1ms
[2022-08-31T22:28:57.736+0800][gc,phases   ] GC(8)   Merge Heap Roots: 0.1ms
[2022-08-31T22:28:57.736+0800][gc,phases   ] GC(8)   Evacuate Collection Set: 11.9ms
[2022-08-31T22:28:57.736+0800][gc,phases   ] GC(8)   Post Evacuate Collection Set: 1.1ms
[2022-08-31T22:28:57.736+0800][gc,phases   ] GC(8)   Other: 0.2ms
[2022-08-31T22:28:57.736+0800][gc,heap     ] GC(8) Eden regions: 229->0(232)
[2022-08-31T22:28:57.736+0800][gc,heap     ] GC(8) Survivor regions: 27->24(32)
[2022-08-31T22:28:57.736+0800][gc,heap     ] GC(8) Old regions: 6->16
[2022-08-31T22:28:57.736+0800][gc,heap     ] GC(8) Archive regions: 2->2
[2022-08-31T22:28:57.736+0800][gc,heap     ] GC(8) Humongous regions: 5->5
[2022-08-31T22:28:57.736+0800][gc,metaspace] GC(8) Metaspace: 59473K(59968K)->59473K(59968K) NonClass: 52081K(52352K)->52081K(52352K) Class: 7392K(7616K)->7392K(7616K)
[2022-08-31T22:28:57.736+0800][gc          ] GC(8) Pause Young (Normal) (G1 Evacuation Pause) 266M->44M(512M) 13.453ms
[2022-08-31T22:28:57.736+0800][gc,cpu      ] GC(8) User=0.12s Sys=0.01s Real=0.01s
[2022-08-31T22:28:57.752+0800][gc,start    ] GC(9) Pause Young (Concurrent Start) (Metadata GC Threshold)
[2022-08-31T22:28:57.752+0800][gc,task     ] GC(9) Using 10 workers of 10 for evacuation
[2022-08-31T22:28:57.762+0800][gc,phases   ] GC(9)   Pre Evacuate Collection Set: 0.1ms
[2022-08-31T22:28:57.762+0800][gc,phases   ] GC(9)   Merge Heap Roots: 0.1ms
[2022-08-31T22:28:57.762+0800][gc,phases   ] GC(9)   Evacuate Collection Set: 9.2ms
[2022-08-31T22:28:57.762+0800][gc,phases   ] GC(9)   Post Evacuate Collection Set: 0.5ms
[2022-08-31T22:28:57.762+0800][gc,phases   ] GC(9)   Other: 0.2ms
[2022-08-31T22:28:57.762+0800][gc,heap     ] GC(9) Eden regions: 6->0(247)
[2022-08-31T22:28:57.762+0800][gc,heap     ] GC(9) Survivor regions: 24->9(32)
[2022-08-31T22:28:57.762+0800][gc,heap     ] GC(9) Old regions: 16->31
[2022-08-31T22:28:57.762+0800][gc,heap     ] GC(9) Archive regions: 2->2
[2022-08-31T22:28:57.762+0800][gc,heap     ] GC(9) Humongous regions: 5->5
[2022-08-31T22:28:57.762+0800][gc,metaspace] GC(9) Metaspace: 59659K(60096K)->59659K(60096K) NonClass: 52242K(52480K)->52242K(52480K) Class: 7417K(7616K)->7417K(7616K)
[2022-08-31T22:28:57.762+0800][gc          ] GC(9) Pause Young (Concurrent Start) (Metadata GC Threshold) 50M->45M(512M) 10.175ms
[2022-08-31T22:28:57.762+0800][gc,cpu      ] GC(9) User=0.08s Sys=0.01s Real=0.01s
[2022-08-31T22:28:57.762+0800][gc          ] GC(10) Concurrent Mark Cycle
[2022-08-31T22:28:57.762+0800][gc,marking  ] GC(10) Concurrent Clear Claimed Marks
[2022-08-31T22:28:57.762+0800][gc,marking  ] GC(10) Concurrent Clear Claimed Marks 0.035ms
[2022-08-31T22:28:57.762+0800][gc,marking  ] GC(10) Concurrent Scan Root Regions
[2022-08-31T22:28:57.769+0800][gc,marking  ] GC(10) Concurrent Scan Root Regions 6.557ms
[2022-08-31T22:28:57.769+0800][gc,marking  ] GC(10) Concurrent Mark
[2022-08-31T22:28:57.769+0800][gc,marking  ] GC(10) Concurrent Mark From Roots
[2022-08-31T22:28:57.769+0800][gc,task     ] GC(10) Using 3 workers of 3 for marking
[2022-08-31T22:28:57.783+0800][gc,marking  ] GC(10) Concurrent Mark From Roots 14.390ms
[2022-08-31T22:28:57.783+0800][gc,marking  ] GC(10) Concurrent Preclean
[2022-08-31T22:28:57.784+0800][gc,marking  ] GC(10) Concurrent Preclean 0.095ms
[2022-08-31T22:28:57.784+0800][gc,start    ] GC(10) Pause Remark
[2022-08-31T22:28:57.786+0800][gc          ] GC(10) Pause Remark 51M->51M(512M) 2.711ms
[2022-08-31T22:28:57.787+0800][gc,cpu      ] GC(10) User=0.02s Sys=0.00s Real=0.00s
[2022-08-31T22:28:57.787+0800][gc,marking  ] GC(10) Concurrent Mark 17.637ms
[2022-08-31T22:28:57.787+0800][gc,marking  ] GC(10) Concurrent Rebuild Remembered Sets
[2022-08-31T22:28:57.798+0800][gc,marking  ] GC(10) Concurrent Rebuild Remembered Sets 11.606ms
[2022-08-31T22:28:57.798+0800][gc,start    ] GC(10) Pause Cleanup
[2022-08-31T22:28:57.799+0800][gc          ] GC(10) Pause Cleanup 53M->53M(512M) 0.168ms
[2022-08-31T22:28:57.799+0800][gc,cpu      ] GC(10) User=0.00s Sys=0.00s Real=0.00s
[2022-08-31T22:28:57.799+0800][gc,marking  ] GC(10) Concurrent Cleanup for Next Mark
[2022-08-31T22:28:57.800+0800][gc,marking  ] GC(10) Concurrent Cleanup for Next Mark 0.772ms
[2022-08-31T22:28:57.800+0800][gc          ] GC(10) Concurrent Mark Cycle 37.238ms
[2022-08-31T22:39:14.654+0800][gc,heap,exit] Heap
[2022-08-31T22:39:14.654+0800][gc,heap,exit]  garbage-first heap   total 524288K, used 210043K [0x00000007e0000000, 0x0000000800000000)
[2022-08-31T22:39:14.654+0800][gc,heap,exit]   region size 1024K, 168 young (172032K), 9 survivors (9216K)
[2022-08-31T22:39:14.654+0800][gc,heap,exit]  Metaspace       used 66834K, committed 67456K, reserved 1114112K
[2022-08-31T22:39:14.654+0800][gc,heap,exit]   class space    used 8148K, committed 8448K, reserved 1048576K
