[2022-08-31T22:27:48.743+0800][gc] Using G1
[2022-08-31T22:27:48.756+0800][gc,init] Version: 17.0.3+0 (release)
[2022-08-31T22:27:48.756+0800][gc,init] CPUs: 12 total, 12 available
[2022-08-31T22:27:48.756+0800][gc,init] Memory: 16384M
[2022-08-31T22:27:48.756+0800][gc,init] Large Page Support: Disabled
[2022-08-31T22:27:48.756+0800][gc,init] NUMA Support: Disabled
[2022-08-31T22:27:48.756+0800][gc,init] Compressed Oops: Enabled (Zero based)
[2022-08-31T22:27:48.756+0800][gc,init] Heap Region Size: 1M
[2022-08-31T22:27:48.756+0800][gc,init] Heap Min Capacity: 2G
[2022-08-31T22:27:48.756+0800][gc,init] Heap Initial Capacity: 2G
[2022-08-31T22:27:48.756+0800][gc,init] Heap Max Capacity: 2G
[2022-08-31T22:27:48.756+0800][gc,init] Pre-touch: Disabled
[2022-08-31T22:27:48.756+0800][gc,init] Parallel Workers: 10
[2022-08-31T22:27:48.756+0800][gc,init] Concurrent Workers: 3
[2022-08-31T22:27:48.756+0800][gc,init] Concurrent Refinement Workers: 10
[2022-08-31T22:27:48.756+0800][gc,init] Periodic GC: Disabled
[2022-08-31T22:27:48.756+0800][gc,metaspace] CDS archive(s) mapped at: [0x0000000800000000-0x0000000800bd2000-0x0000000800bd2000), size 12394496, SharedBaseAddress: 0x0000000800000000, ArchiveRelocationMode: 0.
[2022-08-31T22:27:48.756+0800][gc,metaspace] Compressed class space mapped at: 0x0000000800c00000-0x0000000810c00000, reserved size: 268435456
[2022-08-31T22:27:48.756+0800][gc,metaspace] Narrow klass base: 0x0000000800000000, Narrow klass shift: 0, Narrow klass range: 0x100000000
[2022-08-31T22:27:57.254+0800][gc,start    ] GC(0) Pause Young (Normal) (G1 Evacuation Pause)
[2022-08-31T22:27:57.254+0800][gc,task     ] GC(0) Using 10 workers of 10 for evacuation
[2022-08-31T22:27:57.270+0800][gc,phases   ] GC(0)   Pre Evacuate Collection Set: 0.2ms
[2022-08-31T22:27:57.270+0800][gc,phases   ] GC(0)   Merge Heap Roots: 0.2ms
[2022-08-31T22:27:57.270+0800][gc,phases   ] GC(0)   Evacuate Collection Set: 12.9ms
[2022-08-31T22:27:57.270+0800][gc,phases   ] GC(0)   Post Evacuate Collection Set: 1.7ms
[2022-08-31T22:27:57.270+0800][gc,phases   ] GC(0)   Other: 0.8ms
[2022-08-31T22:27:57.270+0800][gc,heap     ] GC(0) Eden regions: 1024->0(1004)
[2022-08-31T22:27:57.270+0800][gc,heap     ] GC(0) Survivor regions: 0->20(128)
[2022-08-31T22:27:57.270+0800][gc,heap     ] GC(0) Old regions: 0->0
[2022-08-31T22:27:57.270+0800][gc,heap     ] GC(0) Archive regions: 2->2
[2022-08-31T22:27:57.270+0800][gc,heap     ] GC(0) Humongous regions: 0->0
[2022-08-31T22:27:57.270+0800][gc,metaspace] GC(0) Metaspace: 35387K(35776K)->35387K(35776K) NonClass: 31048K(31232K)->31048K(31232K) Class: 4338K(4544K)->4338K(4544K)
[2022-08-31T22:27:57.270+0800][gc          ] GC(0) Pause Young (Normal) (G1 Evacuation Pause) 1024M->20M(2048M) 15.833ms
[2022-08-31T22:27:57.270+0800][gc,cpu      ] GC(0) User=0.10s Sys=0.02s Real=0.02s
[2022-08-31T22:28:51.322+0800][gc,heap,exit] Heap
[2022-08-31T22:28:51.322+0800][gc,heap,exit]  garbage-first heap   total 2097152K, used 92483K [0x0000000780000000, 0x0000000800000000)
[2022-08-31T22:28:51.322+0800][gc,heap,exit]   region size 1024K, 90 young (92160K), 20 survivors (20480K)
[2022-08-31T22:28:51.322+0800][gc,heap,exit]  Metaspace       used 37276K, committed 37632K, reserved 303104K
[2022-08-31T22:28:51.322+0800][gc,heap,exit]   class space    used 4615K, committed 4800K, reserved 262144K
